[2025-03-21 01:39:11,476 WARNING] Corpus corpus_1's weight should be given. We default it to 1 for you.
[2025-03-21 01:39:11,476 INFO] Parsed 2 corpora from -data.
[2025-03-21 01:39:11,476 INFO] Get special vocabs from Transforms: {'src': [], 'tgt': []}.
[2025-03-21 01:39:11,486 INFO] The first 10 tokens of the vocabs are:['<unk>', '<blank>', '<s>', '</s>', '▁', '。', ',', ':', '?', '.']
[2025-03-21 01:39:11,487 INFO] The decoder start token is: <s>
[2025-03-21 01:39:11,487 INFO] Building model...
[2025-03-21 01:39:12,872 INFO] Switching model to float32 for amp/apex_amp
[2025-03-21 01:39:12,872 INFO] Non quantized layer compute is fp16
[2025-03-21 01:39:12,875 INFO] NMTModel(
  (encoder): TransformerEncoder(
    (embeddings): Embeddings(
      (make_embedding): Sequential(
        (emb_luts): Elementwise(
          (0): Embedding(4600, 512, padding_idx=1)
        )
        (pe): PositionalEncoding()
      )
      (dropout): Dropout(p=0.1, inplace=False)
    )
    (transformer): ModuleList(
      (0-5): 6 x TransformerEncoderLayer(
        (self_attn): MultiHeadedAttention(
          (linear_keys): Linear(in_features=512, out_features=512, bias=False)
          (linear_values): Linear(in_features=512, out_features=512, bias=False)
          (linear_query): Linear(in_features=512, out_features=512, bias=False)
          (softmax): Softmax(dim=-1)
          (dropout): Dropout(p=0.1, inplace=False)
          (final_linear): Linear(in_features=512, out_features=512, bias=False)
        )
        (feed_forward): PositionwiseFeedForward(
          (w_1): Linear(in_features=512, out_features=2048, bias=False)
          (w_2): Linear(in_features=2048, out_features=512, bias=False)
          (layer_norm): LayerNorm((512,), eps=1e-06, elementwise_affine=True)
          (dropout_1): Dropout(p=0.1, inplace=False)
          (dropout_2): Dropout(p=0.1, inplace=False)
        )
        (layer_norm): LayerNorm((512,), eps=1e-06, elementwise_affine=True)
        (dropout): Dropout(p=0.1, inplace=False)
      )
    )
    (layer_norm): LayerNorm((512,), eps=1e-06, elementwise_affine=True)
  )
  (decoder): TransformerDecoder(
    (embeddings): Embeddings(
      (make_embedding): Sequential(
        (emb_luts): Elementwise(
          (0): Embedding(2824, 512, padding_idx=1)
        )
        (pe): PositionalEncoding()
      )
      (dropout): Dropout(p=0.1, inplace=False)
    )
    (layer_norm): LayerNorm((512,), eps=1e-06, elementwise_affine=True)
    (transformer_layers): ModuleList(
      (0-5): 6 x TransformerDecoderLayer(
        (self_attn): MultiHeadedAttention(
          (linear_keys): Linear(in_features=512, out_features=512, bias=False)
          (linear_values): Linear(in_features=512, out_features=512, bias=False)
          (linear_query): Linear(in_features=512, out_features=512, bias=False)
          (softmax): Softmax(dim=-1)
          (dropout): Dropout(p=0.1, inplace=False)
          (final_linear): Linear(in_features=512, out_features=512, bias=False)
        )
        (feed_forward): PositionwiseFeedForward(
          (w_1): Linear(in_features=512, out_features=2048, bias=False)
          (w_2): Linear(in_features=2048, out_features=512, bias=False)
          (layer_norm): LayerNorm((512,), eps=1e-06, elementwise_affine=True)
          (dropout_1): Dropout(p=0.1, inplace=False)
          (dropout_2): Dropout(p=0.1, inplace=False)
        )
        (layer_norm_1): LayerNorm((512,), eps=1e-06, elementwise_affine=True)
        (dropout): Dropout(p=0.1, inplace=False)
        (context_attn): MultiHeadedAttention(
          (linear_keys): Linear(in_features=512, out_features=512, bias=False)
          (linear_values): Linear(in_features=512, out_features=512, bias=False)
          (linear_query): Linear(in_features=512, out_features=512, bias=False)
          (softmax): Softmax(dim=-1)
          (dropout): Dropout(p=0.1, inplace=False)
          (final_linear): Linear(in_features=512, out_features=512, bias=False)
        )
        (layer_norm_2): LayerNorm((512,), eps=1e-06, elementwise_affine=True)
      )
    )
  )
  (generator): Linear(in_features=512, out_features=2824, bias=True)
)
[2025-03-21 01:39:12,878 INFO] encoder: 21242880
[2025-03-21 01:39:12,878 INFO] decoder: 28079880
[2025-03-21 01:39:12,878 INFO] * number of parameters: 49322760
[2025-03-21 01:39:12,878 INFO] Trainable parameters = {'torch.float32': 49322760, 'torch.float16': 0, 'torch.uint8': 0, 'torch.int8': 0}
[2025-03-21 01:39:12,879 INFO] Non trainable parameters = {'torch.float32': 0, 'torch.float16': 0, 'torch.uint8': 0, 'torch.int8': 0}
[2025-03-21 01:39:12,879 INFO]  * src vocab size = 4600
[2025-03-21 01:39:12,879 INFO]  * tgt vocab size = 2824
[2025-03-20 18:04:06,301 WARNING] Corpus corpus_1's weight should be given. We default it to 1 for you.
[2025-03-20 18:04:06,301 INFO] Parsed 2 corpora from -data.
[2025-03-20 18:04:06,301 INFO] Get special vocabs from Transforms: {'src': [], 'tgt': []}.
[2025-03-20 18:04:06,315 INFO] The first 10 tokens of the vocabs are:['<unk>', '<blank>', '<s>', '</s>', '▁', '。', ',', ':', '?', '.']
[2025-03-20 18:04:06,315 INFO] The decoder start token is: <s>
[2025-03-20 18:04:06,315 INFO] Building model...
[2025-03-20 18:04:07,275 INFO] Switching model to float32 for amp/apex_amp
[2025-03-20 18:04:07,275 INFO] Non quantized layer compute is fp16
[2025-03-20 18:04:07,653 INFO] NMTModel(
  (encoder): TransformerEncoder(
    (embeddings): Embeddings(
      (make_embedding): Sequential(
        (emb_luts): Elementwise(
          (0): Embedding(4600, 512, padding_idx=1)
        )
        (pe): PositionalEncoding()
      )
      (dropout): Dropout(p=0.1, inplace=False)
    )
    (transformer): ModuleList(
      (0-5): 6 x TransformerEncoderLayer(
        (self_attn): MultiHeadedAttention(
          (linear_keys): Linear(in_features=512, out_features=512, bias=False)
          (linear_values): Linear(in_features=512, out_features=512, bias=False)
          (linear_query): Linear(in_features=512, out_features=512, bias=False)
          (softmax): Softmax(dim=-1)
          (dropout): Dropout(p=0.1, inplace=False)
          (final_linear): Linear(in_features=512, out_features=512, bias=False)
        )
        (feed_forward): PositionwiseFeedForward(
          (w_1): Linear(in_features=512, out_features=2048, bias=False)
          (w_2): Linear(in_features=2048, out_features=512, bias=False)
          (layer_norm): LayerNorm((512,), eps=1e-06, elementwise_affine=True)
          (dropout_1): Dropout(p=0.1, inplace=False)
          (dropout_2): Dropout(p=0.1, inplace=False)
        )
        (layer_norm): LayerNorm((512,), eps=1e-06, elementwise_affine=True)
        (dropout): Dropout(p=0.1, inplace=False)
      )
    )
    (layer_norm): LayerNorm((512,), eps=1e-06, elementwise_affine=True)
  )
  (decoder): TransformerDecoder(
    (embeddings): Embeddings(
      (make_embedding): Sequential(
        (emb_luts): Elementwise(
          (0): Embedding(2824, 512, padding_idx=1)
        )
        (pe): PositionalEncoding()
      )
      (dropout): Dropout(p=0.1, inplace=False)
    )
    (layer_norm): LayerNorm((512,), eps=1e-06, elementwise_affine=True)
    (transformer_layers): ModuleList(
      (0-5): 6 x TransformerDecoderLayer(
        (self_attn): MultiHeadedAttention(
          (linear_keys): Linear(in_features=512, out_features=512, bias=False)
          (linear_values): Linear(in_features=512, out_features=512, bias=False)
          (linear_query): Linear(in_features=512, out_features=512, bias=False)
          (softmax): Softmax(dim=-1)
          (dropout): Dropout(p=0.1, inplace=False)
          (final_linear): Linear(in_features=512, out_features=512, bias=False)
        )
        (feed_forward): PositionwiseFeedForward(
          (w_1): Linear(in_features=512, out_features=2048, bias=False)
          (w_2): Linear(in_features=2048, out_features=512, bias=False)
          (layer_norm): LayerNorm((512,), eps=1e-06, elementwise_affine=True)
          (dropout_1): Dropout(p=0.1, inplace=False)
          (dropout_2): Dropout(p=0.1, inplace=False)
        )
        (layer_norm_1): LayerNorm((512,), eps=1e-06, elementwise_affine=True)
        (dropout): Dropout(p=0.1, inplace=False)
        (context_attn): MultiHeadedAttention(
          (linear_keys): Linear(in_features=512, out_features=512, bias=False)
          (linear_values): Linear(in_features=512, out_features=512, bias=False)
          (linear_query): Linear(in_features=512, out_features=512, bias=False)
          (softmax): Softmax(dim=-1)
          (dropout): Dropout(p=0.1, inplace=False)
          (final_linear): Linear(in_features=512, out_features=512, bias=False)
        )
        (layer_norm_2): LayerNorm((512,), eps=1e-06, elementwise_affine=True)
      )
    )
  )
  (generator): Linear(in_features=512, out_features=2824, bias=True)
)
[2025-03-20 18:04:07,657 INFO] encoder: 21242880
[2025-03-20 18:04:07,657 INFO] decoder: 28079880
[2025-03-20 18:04:07,657 INFO] * number of parameters: 49322760
[2025-03-20 18:04:07,658 INFO] Trainable parameters = {'torch.float32': 49322760, 'torch.float16': 0, 'torch.uint8': 0, 'torch.int8': 0}
[2025-03-20 18:04:07,658 INFO] Non trainable parameters = {'torch.float32': 0, 'torch.float16': 0, 'torch.uint8': 0, 'torch.int8': 0}
[2025-03-20 18:04:07,658 INFO]  * src vocab size = 4600
[2025-03-20 18:04:07,658 INFO]  * tgt vocab size = 2824
[2025-03-20 18:14:31,433 WARNING] Corpus corpus_1's weight should be given. We default it to 1 for you.
[2025-03-20 18:14:31,433 INFO] Parsed 2 corpora from -data.
[2025-03-20 18:14:31,433 INFO] Get special vocabs from Transforms: {'src': [], 'tgt': []}.
[2025-03-20 18:14:31,447 INFO] The first 10 tokens of the vocabs are:['<unk>', '<blank>', '<s>', '</s>', '▁', '。', ',', ':', '?', '.']
[2025-03-20 18:14:31,447 INFO] The decoder start token is: <s>
[2025-03-20 18:14:31,447 INFO] Building model...
[2025-03-20 18:14:32,249 INFO] Switching model to float32 for amp/apex_amp
[2025-03-20 18:14:32,250 INFO] Non quantized layer compute is fp16
[2025-03-20 18:14:32,631 INFO] NMTModel(
  (encoder): TransformerEncoder(
    (embeddings): Embeddings(
      (make_embedding): Sequential(
        (emb_luts): Elementwise(
          (0): Embedding(4600, 512, padding_idx=1)
        )
        (pe): PositionalEncoding()
      )
      (dropout): Dropout(p=0.1, inplace=False)
    )
    (transformer): ModuleList(
      (0-5): 6 x TransformerEncoderLayer(
        (self_attn): MultiHeadedAttention(
          (linear_keys): Linear(in_features=512, out_features=512, bias=False)
          (linear_values): Linear(in_features=512, out_features=512, bias=False)
          (linear_query): Linear(in_features=512, out_features=512, bias=False)
          (softmax): Softmax(dim=-1)
          (dropout): Dropout(p=0.1, inplace=False)
          (final_linear): Linear(in_features=512, out_features=512, bias=False)
        )
        (feed_forward): PositionwiseFeedForward(
          (w_1): Linear(in_features=512, out_features=2048, bias=False)
          (w_2): Linear(in_features=2048, out_features=512, bias=False)
          (layer_norm): LayerNorm((512,), eps=1e-06, elementwise_affine=True)
          (dropout_1): Dropout(p=0.1, inplace=False)
          (dropout_2): Dropout(p=0.1, inplace=False)
        )
        (layer_norm): LayerNorm((512,), eps=1e-06, elementwise_affine=True)
        (dropout): Dropout(p=0.1, inplace=False)
      )
    )
    (layer_norm): LayerNorm((512,), eps=1e-06, elementwise_affine=True)
  )
  (decoder): TransformerDecoder(
    (embeddings): Embeddings(
      (make_embedding): Sequential(
        (emb_luts): Elementwise(
          (0): Embedding(2824, 512, padding_idx=1)
        )
        (pe): PositionalEncoding()
      )
      (dropout): Dropout(p=0.1, inplace=False)
    )
    (layer_norm): LayerNorm((512,), eps=1e-06, elementwise_affine=True)
    (transformer_layers): ModuleList(
      (0-5): 6 x TransformerDecoderLayer(
        (self_attn): MultiHeadedAttention(
          (linear_keys): Linear(in_features=512, out_features=512, bias=False)
          (linear_values): Linear(in_features=512, out_features=512, bias=False)
          (linear_query): Linear(in_features=512, out_features=512, bias=False)
          (softmax): Softmax(dim=-1)
          (dropout): Dropout(p=0.1, inplace=False)
          (final_linear): Linear(in_features=512, out_features=512, bias=False)
        )
        (feed_forward): PositionwiseFeedForward(
          (w_1): Linear(in_features=512, out_features=2048, bias=False)
          (w_2): Linear(in_features=2048, out_features=512, bias=False)
          (layer_norm): LayerNorm((512,), eps=1e-06, elementwise_affine=True)
          (dropout_1): Dropout(p=0.1, inplace=False)
          (dropout_2): Dropout(p=0.1, inplace=False)
        )
        (layer_norm_1): LayerNorm((512,), eps=1e-06, elementwise_affine=True)
        (dropout): Dropout(p=0.1, inplace=False)
        (context_attn): MultiHeadedAttention(
          (linear_keys): Linear(in_features=512, out_features=512, bias=False)
          (linear_values): Linear(in_features=512, out_features=512, bias=False)
          (linear_query): Linear(in_features=512, out_features=512, bias=False)
          (softmax): Softmax(dim=-1)
          (dropout): Dropout(p=0.1, inplace=False)
          (final_linear): Linear(in_features=512, out_features=512, bias=False)
        )
        (layer_norm_2): LayerNorm((512,), eps=1e-06, elementwise_affine=True)
      )
    )
  )
  (generator): Linear(in_features=512, out_features=2824, bias=True)
)
[2025-03-20 18:14:32,634 INFO] encoder: 21242880
[2025-03-20 18:14:32,635 INFO] decoder: 28079880
[2025-03-20 18:14:32,635 INFO] * number of parameters: 49322760
[2025-03-20 18:14:32,635 INFO] Trainable parameters = {'torch.float32': 49322760, 'torch.float16': 0, 'torch.uint8': 0, 'torch.int8': 0}
[2025-03-20 18:14:32,635 INFO] Non trainable parameters = {'torch.float32': 0, 'torch.float16': 0, 'torch.uint8': 0, 'torch.int8': 0}
[2025-03-20 18:14:32,636 INFO]  * src vocab size = 4600
[2025-03-20 18:14:32,636 INFO]  * tgt vocab size = 2824
[2025-03-31 23:56:10,889 WARNING] Corpus corpus_1's weight should be given. We default it to 1 for you.
[2025-03-31 23:56:10,889 INFO] Parsed 2 corpora from -data.
[2025-03-31 23:56:10,889 INFO] Get special vocabs from Transforms: {'src': [], 'tgt': []}.
[2025-03-31 23:56:10,923 INFO] The first 10 tokens of the vocabs are:['<unk>', '<blank>', '<s>', '</s>', '▁', ',', '.', '__SEP__', 's', '▁the']
[2025-03-31 23:56:10,923 INFO] The decoder start token is: <s>
[2025-03-31 23:56:10,923 INFO] Building model...
[2025-03-31 23:56:12,240 INFO] Switching model to float32 for amp/apex_amp
[2025-03-31 23:56:12,240 INFO] Non quantized layer compute is fp16
[2025-03-31 23:56:12,565 INFO] NMTModel(
  (encoder): TransformerEncoder(
    (embeddings): Embeddings(
      (make_embedding): Sequential(
        (emb_luts): Elementwise(
          (0): Embedding(10000, 512, padding_idx=1)
        )
        (pe): PositionalEncoding()
      )
      (dropout): Dropout(p=0.1, inplace=False)
    )
    (transformer): ModuleList(
      (0-5): 6 x TransformerEncoderLayer(
        (self_attn): MultiHeadedAttention(
          (linear_keys): Linear(in_features=512, out_features=512, bias=False)
          (linear_values): Linear(in_features=512, out_features=512, bias=False)
          (linear_query): Linear(in_features=512, out_features=512, bias=False)
          (softmax): Softmax(dim=-1)
          (dropout): Dropout(p=0.1, inplace=False)
          (final_linear): Linear(in_features=512, out_features=512, bias=False)
        )
        (feed_forward): PositionwiseFeedForward(
          (w_1): Linear(in_features=512, out_features=2048, bias=False)
          (w_2): Linear(in_features=2048, out_features=512, bias=False)
          (layer_norm): LayerNorm((512,), eps=1e-06, elementwise_affine=True)
          (dropout_1): Dropout(p=0.1, inplace=False)
          (dropout_2): Dropout(p=0.1, inplace=False)
        )
        (layer_norm): LayerNorm((512,), eps=1e-06, elementwise_affine=True)
        (dropout): Dropout(p=0.1, inplace=False)
      )
    )
    (layer_norm): LayerNorm((512,), eps=1e-06, elementwise_affine=True)
  )
  (decoder): TransformerDecoder(
    (embeddings): Embeddings(
      (make_embedding): Sequential(
        (emb_luts): Elementwise(
          (0): Embedding(10000, 512, padding_idx=1)
        )
        (pe): PositionalEncoding()
      )
      (dropout): Dropout(p=0.1, inplace=False)
    )
    (layer_norm): LayerNorm((512,), eps=1e-06, elementwise_affine=True)
    (transformer_layers): ModuleList(
      (0-5): 6 x TransformerDecoderLayer(
        (self_attn): MultiHeadedAttention(
          (linear_keys): Linear(in_features=512, out_features=512, bias=False)
          (linear_values): Linear(in_features=512, out_features=512, bias=False)
          (linear_query): Linear(in_features=512, out_features=512, bias=False)
          (softmax): Softmax(dim=-1)
          (dropout): Dropout(p=0.1, inplace=False)
          (final_linear): Linear(in_features=512, out_features=512, bias=False)
        )
        (feed_forward): PositionwiseFeedForward(
          (w_1): Linear(in_features=512, out_features=2048, bias=False)
          (w_2): Linear(in_features=2048, out_features=512, bias=False)
          (layer_norm): LayerNorm((512,), eps=1e-06, elementwise_affine=True)
          (dropout_1): Dropout(p=0.1, inplace=False)
          (dropout_2): Dropout(p=0.1, inplace=False)
        )
        (layer_norm_1): LayerNorm((512,), eps=1e-06, elementwise_affine=True)
        (dropout): Dropout(p=0.1, inplace=False)
        (context_attn): MultiHeadedAttention(
          (linear_keys): Linear(in_features=512, out_features=512, bias=False)
          (linear_values): Linear(in_features=512, out_features=512, bias=False)
          (linear_query): Linear(in_features=512, out_features=512, bias=False)
          (softmax): Softmax(dim=-1)
          (dropout): Dropout(p=0.1, inplace=False)
          (final_linear): Linear(in_features=512, out_features=512, bias=False)
        )
        (layer_norm_2): LayerNorm((512,), eps=1e-06, elementwise_affine=True)
      )
    )
  )
  (generator): Linear(in_features=512, out_features=10000, bias=True)
)
[2025-03-31 23:56:12,571 INFO] encoder: 24007680
[2025-03-31 23:56:12,571 INFO] decoder: 35435280
[2025-03-31 23:56:12,571 INFO] * number of parameters: 59442960
[2025-03-31 23:56:12,572 INFO] Trainable parameters = {'torch.float32': 59442960, 'torch.float16': 0, 'torch.uint8': 0, 'torch.int8': 0}
[2025-03-31 23:56:12,572 INFO] Non trainable parameters = {'torch.float32': 0, 'torch.float16': 0, 'torch.uint8': 0, 'torch.int8': 0}
[2025-03-31 23:56:12,573 INFO]  * src vocab size = 10000
[2025-03-31 23:56:12,573 INFO]  * tgt vocab size = 10000
[2025-04-03 00:46:51,328 WARNING] Corpus corpus_1's weight should be given. We default it to 1 for you.
[2025-04-03 00:46:51,328 INFO] Parsed 2 corpora from -data.
[2025-04-03 00:46:51,328 INFO] Get special vocabs from Transforms: {'src': [], 'tgt': []}.
[2025-04-03 00:46:51,353 INFO] The first 10 tokens of the vocabs are:['<unk>', '<blank>', '<s>', '</s>', ',', '.', '▁the', 's', '▁to', "'"]
[2025-04-03 00:46:51,353 INFO] The decoder start token is: <s>
[2025-04-03 00:46:51,353 INFO] Building model...
[2025-04-03 00:46:52,239 INFO] Switching model to float32 for amp/apex_amp
[2025-04-03 00:46:52,239 INFO] Non quantized layer compute is fp16
[2025-04-03 00:46:52,410 INFO] NMTModel(
  (encoder): TransformerEncoder(
    (embeddings): Embeddings(
      (make_embedding): Sequential(
        (emb_luts): Elementwise(
          (0): Embedding(10000, 512, padding_idx=1)
        )
        (pe): PositionalEncoding()
      )
      (dropout): Dropout(p=0.1, inplace=False)
    )
    (transformer): ModuleList(
      (0-5): 6 x TransformerEncoderLayer(
        (self_attn): MultiHeadedAttention(
          (linear_keys): Linear(in_features=512, out_features=512, bias=False)
          (linear_values): Linear(in_features=512, out_features=512, bias=False)
          (linear_query): Linear(in_features=512, out_features=512, bias=False)
          (softmax): Softmax(dim=-1)
          (dropout): Dropout(p=0.1, inplace=False)
          (final_linear): Linear(in_features=512, out_features=512, bias=False)
        )
        (feed_forward): PositionwiseFeedForward(
          (w_1): Linear(in_features=512, out_features=2048, bias=False)
          (w_2): Linear(in_features=2048, out_features=512, bias=False)
          (layer_norm): LayerNorm((512,), eps=1e-06, elementwise_affine=True)
          (dropout_1): Dropout(p=0.1, inplace=False)
          (dropout_2): Dropout(p=0.1, inplace=False)
        )
        (layer_norm): LayerNorm((512,), eps=1e-06, elementwise_affine=True)
        (dropout): Dropout(p=0.1, inplace=False)
      )
    )
    (layer_norm): LayerNorm((512,), eps=1e-06, elementwise_affine=True)
  )
  (decoder): TransformerDecoder(
    (embeddings): Embeddings(
      (make_embedding): Sequential(
        (emb_luts): Elementwise(
          (0): Embedding(10000, 512, padding_idx=1)
        )
        (pe): PositionalEncoding()
      )
      (dropout): Dropout(p=0.1, inplace=False)
    )
    (layer_norm): LayerNorm((512,), eps=1e-06, elementwise_affine=True)
    (transformer_layers): ModuleList(
      (0-5): 6 x TransformerDecoderLayer(
        (self_attn): MultiHeadedAttention(
          (linear_keys): Linear(in_features=512, out_features=512, bias=False)
          (linear_values): Linear(in_features=512, out_features=512, bias=False)
          (linear_query): Linear(in_features=512, out_features=512, bias=False)
          (softmax): Softmax(dim=-1)
          (dropout): Dropout(p=0.1, inplace=False)
          (final_linear): Linear(in_features=512, out_features=512, bias=False)
        )
        (feed_forward): PositionwiseFeedForward(
          (w_1): Linear(in_features=512, out_features=2048, bias=False)
          (w_2): Linear(in_features=2048, out_features=512, bias=False)
          (layer_norm): LayerNorm((512,), eps=1e-06, elementwise_affine=True)
          (dropout_1): Dropout(p=0.1, inplace=False)
          (dropout_2): Dropout(p=0.1, inplace=False)
        )
        (layer_norm_1): LayerNorm((512,), eps=1e-06, elementwise_affine=True)
        (dropout): Dropout(p=0.1, inplace=False)
        (context_attn): MultiHeadedAttention(
          (linear_keys): Linear(in_features=512, out_features=512, bias=False)
          (linear_values): Linear(in_features=512, out_features=512, bias=False)
          (linear_query): Linear(in_features=512, out_features=512, bias=False)
          (softmax): Softmax(dim=-1)
          (dropout): Dropout(p=0.1, inplace=False)
          (final_linear): Linear(in_features=512, out_features=512, bias=False)
        )
        (layer_norm_2): LayerNorm((512,), eps=1e-06, elementwise_affine=True)
      )
    )
  )
  (generator): Linear(in_features=512, out_features=10000, bias=True)
)
[2025-04-03 00:46:52,413 INFO] encoder: 24007680
[2025-04-03 00:46:52,413 INFO] decoder: 35435280
[2025-04-03 00:46:52,413 INFO] * number of parameters: 59442960
[2025-04-03 00:46:52,414 INFO] Trainable parameters = {'torch.float32': 59442960, 'torch.float16': 0, 'torch.uint8': 0, 'torch.int8': 0}
[2025-04-03 00:46:52,414 INFO] Non trainable parameters = {'torch.float32': 0, 'torch.float16': 0, 'torch.uint8': 0, 'torch.int8': 0}
[2025-04-03 00:46:52,414 INFO]  * src vocab size = 10000
[2025-04-03 00:46:52,414 INFO]  * tgt vocab size = 10000
